{
  "714117249": {
    "id": 714117249,
    "type": "node",
    "lat": -41.2575078,
    "lon": 174.8639138,
    "tags": {
      "amenity": "bench"
    },
    "timestamp": "0001-01-01T00:00:00Z"
  },
  "714117257": {
    "id": 714117257,
    "type": "node",
    "lat": -41.253961000000004,
    "lon": 174.8653899,
    "tags": {
      "amenity": "bench"
    },
    "timestamp": "0001-01-01T00:00:00Z"
  },
  "714117265": {
    "id": 714117265,
    "type": "node",
    "lat": -41.2589042,
    "lon": 174.86433250000002,
    "tags": {
      "amenity": "bench"
    },
    "timestamp": "0001-01-01T00:00:00Z"
  },
  "714117267": {
    "id": 714117267,
    "type": "node",
    "lat": -41.255372,
    "lon": 174.8663683,
    "tags": {
      "amenity": "toilets",
      "fee": "no"
    },
    "timestamp": "0001-01-01T00:00:00Z"
  },
  "714117271": {
    "id": 714117271,
    "type": "node",
    "lat": -41.260499700000004,
    "lon": 174.8656813,
    "tags": {
      "amenity": "bench"
    },
    "timestamp": "0001-01-01T00:00:00Z"
  },
  "714117277": {
    "id": 714117277,
    "type": "node",
    "lat": -41.257397100000006,
    "lon": 174.8664328,
    "tags": {
      "amenity": "bench"
    },
    "timestamp": "0001-01-01T00:00:00Z"
  },
  "714117280": {
    "id": 714117280,
    "type": "node",
    "lat": -41.261082800000004,
    "lon": 174.8660144,
    "tags": {
      "amenity": "bench"
    },
    "timestamp": "0001-01-01T00:00:00Z"
  },
  "714117282": {
    "id": 714117282,
    "type": "node",
    "lat": -41.2583592,
    "lon": 174.864374,
    "tags": {
      "amenity": "bench"
    },
    "timestamp": "0001-01-01T00:00:00Z"
  },
  "714117284": {
    "id": 714117284,
    "type": "node",
    "lat": -41.2552338,
    "lon": 174.86558050000002,
    "tags": {
      "amenity": "bench"
    },
    "timestamp": "0001-01-01T00:00:00Z"
  },
  "714117286": {
    "id": 714117286,
    "type": "node",
    "lat": -41.258861200000005,
    "lon": 174.866845,
    "tags": {
      "amenity": "bench"
    },
    "timestamp": "0001-01-01T00:00:00Z"
  },
  "714117305": {
    "id": 714117305,
    "type": "node",
    "lat": -41.2564342,
    "lon": 174.8656029,
    "tags": {
      "amenity": "toilets",
      "fee": "no"
    },
    "timestamp": "0001-01-01T00:00:00Z"
  },
  "714117312": {
    "id": 714117312,
    "type": "node",
    "lat": -41.2582351,
    "lon": 174.8643139,
    "tags": {
      "amenity": "bench"
    },
    "timestamp": "0001-01-01T00:00:00Z"
  }
}